// Jest Snapshot v1, https://goo.gl/fbAQLP

exports[`Snapshot Testing 1`] = `
<div
  className="App"
>
  <h1>
    Welcome to my page
  </h1>
  <br />
  <h1>
    This is Sanjay khanna S
  </h1>
  <h2>
    Software Trainee Engineer
  </h2>
</div>
`;
