// Jest Snapshot v1, https://goo.gl/fbAQLP

exports[`Test Suite for app Snapshot test 1`] = `
<div
  className="App"
>
  <h1>
    Welcome to my page
  </h1>
  <br />
  <h1>
    Hi welcome to Relevantz
  </h1>
</div>
`;
