// Jest Snapshot v1, https://goo.gl/fbAQLP

exports[`Test suite for App Snapshot test 1`] = `
<div
  className="App"
>
  <h1>
    Hello world!!
  </h1>
  <br />
  <h2>
    This is the app created using react
  </h2>
  <br />
  <h2>
    Created by kaviya !!
  </h2>
</div>
`;
