// Jest Snapshot v1, https://goo.gl/fbAQLP

exports[`Checking for Home Page Rendering Snapshot Testing for Home Page 1`] = `
<div>
  <section
    className="container container-lg"
  >
    <div
      className="card card-lg mt-5 shadow-lg p-2 mx-auto"
    >
      <div
        className="card-header card-title border-0 text-center h1"
        data-testid="homeHeader"
        title="homeHeader"
      >
        List of Payee
      </div>
      <div
        className="card-body"
      >
        <div
          className="container row mt-3"
        >
          <div
            className="col-6"
            style={
              Object {
                "textAlign": "left",
              }
            }
          >
            <button
              className="MuiButtonBase-root MuiButton-root MuiButton-contained MuiButton-containedSuccess MuiButton-sizeMedium MuiButton-containedSizeMedium MuiButton-colorSuccess MuiButton-root MuiButton-contained MuiButton-containedSuccess MuiButton-sizeMedium MuiButton-containedSizeMedium MuiButton-colorSuccess css-ke5b6m-MuiButtonBase-root-MuiButton-root"
              data-testid="addPayee"
              disabled={false}
              onBlur={[Function]}
              onClick={[Function]}
              onContextMenu={[Function]}
              onDragLeave={[Function]}
              onFocus={[Function]}
              onKeyDown={[Function]}
              onKeyUp={[Function]}
              onMouseDown={[Function]}
              onMouseLeave={[Function]}
              onMouseUp={[Function]}
              onTouchEnd={[Function]}
              onTouchMove={[Function]}
              onTouchStart={[Function]}
              tabIndex={0}
              type="button"
            >
              Add Payee
            </button>
          </div>
          <div
            className="col-6"
          >
            <div
              className="MuiFormControl-root MuiFormControl-fullWidth MuiTextField-root css-wb57ya-MuiFormControl-root-MuiTextField-root"
            >
              <div
                className="MuiInputBase-root MuiOutlinedInput-root MuiInputBase-colorPrimary MuiInputBase-fullWidth MuiInputBase-formControl MuiInputBase-sizeSmall css-md26zr-MuiInputBase-root-MuiOutlinedInput-root"
                onClick={[Function]}
              >
                <input
                  aria-invalid={false}
                  autoComplete="off"
                  autoFocus={false}
                  className="MuiInputBase-input MuiOutlinedInput-input MuiInputBase-inputSizeSmall css-1n4twyu-MuiInputBase-input-MuiOutlinedInput-input"
                  disabled={false}
                  id=":r0:"
                  name="search"
                  onAnimationStart={[Function]}
                  onBlur={[Function]}
                  onChange={[Function]}
                  onFocus={[Function]}
                  placeholder="Search..."
                  required={false}
                  type="text"
                  value=""
                />
                <fieldset
                  aria-hidden={true}
                  className="MuiOutlinedInput-notchedOutline css-1d3z3hw-MuiOutlinedInput-notchedOutline"
                >
                  <legend
                    className="css-ihdtdm"
                  >
                    <span
                      className="notranslate"
                    >
                      â€‹
                    </span>
                  </legend>
                </fieldset>
              </div>
            </div>
          </div>
        </div>
        <div
          className="container"
          title="payeeTable"
        >
          <table
            className="table table-bordered table-striped table-hover text-center mt-3"
          >
            <thead
              className="bg-secondary text-white"
            >
              <tr>
                <td>
                  Payee Name
                </td>
                <td>
                  Nick Name
                </td>
                <td>
                  Account Number
                </td>
                <td
                  className="col-2"
                >
                  Action
                </td>
              </tr>
            </thead>
            <tbody />
          </table>
        </div>
      </div>
    </div>
  </section>
</div>
`;
